[bench] param_sets=all warmup=1 repeat=3 cpu_repeat=1 -> experiments/results/moore_s4000_musa5.1/benchmark_full_matrix_repeat3.csv
[bench] 1920x1080x1 small    v0: kernel 129.347±0.001 ms e2e 130.821±0.369 ms 16.0 Mpx/s
[bench] 1920x1080x1 small    v1: kernel 56.231±0.002 ms e2e 57.325±0.059 ms 36.9 Mpx/s
[bench] 1920x1080x1 small    v2: kernel 39.691±0.003 ms e2e 40.768±0.070 ms 52.2 Mpx/s
[bench] 1920x1080x1 base     v0: kernel 479.324±0.005 ms e2e 480.609±0.162 ms 4.3 Mpx/s
[bench] 1920x1080x1 base     v1: kernel 204.875±0.001 ms e2e 206.121±0.354 ms 10.1 Mpx/s
[bench] 1920x1080x1 base     v2: kernel 146.523±0.004 ms e2e 147.580±0.102 ms 14.2 Mpx/s
[bench] 1920x1080x1 strong-h v0: kernel 479.320±0.009 ms e2e 480.863±0.405 ms 4.3 Mpx/s
[bench] 1920x1080x1 strong-h v1: kernel 204.876±0.005 ms e2e 205.959±0.010 ms 10.1 Mpx/s
[bench] 1920x1080x1 strong-h v2: kernel 146.528±0.002 ms e2e 147.992±0.379 ms 14.2 Mpx/s
[bench] 1920x1080x1 large    v0: kernel 1484.132±0.012 ms e2e 1485.840±0.381 ms 1.4 Mpx/s
[bench] 1920x1080x1 large    v1: kernel 631.280±0.010 ms e2e 632.627±0.352 ms 3.3 Mpx/s
[bench] 1920x1080x1 large    v2: kernel 631.273±0.002 ms e2e 632.382±0.020 ms 3.3 Mpx/s
[bench] 1920x1080x3 small    v0: kernel 274.241±0.003 ms e2e 277.481±1.001 ms 7.6 Mpx/s
[bench] 1920x1080x3 small    v1: kernel 130.404±0.001 ms e2e 132.898±0.004 ms 15.9 Mpx/s
[bench] 1920x1080x3 small    v2: kernel 106.784±0.004 ms e2e 109.279±0.012 ms 19.4 Mpx/s
[bench] 1920x1080x3 base     v0: kernel 1030.051±0.071 ms e2e 1035.736±2.972 ms 2.0 Mpx/s
[bench] 1920x1080x3 base     v1: kernel 569.455±0.007 ms e2e 576.556±0.295 ms 3.6 Mpx/s
[bench] 1920x1080x3 base     v2: kernel 467.985±0.013 ms e2e 480.873±7.719 ms 4.4 Mpx/s
[bench] 1920x1080x3 strong-h v0: kernel 1030.052±0.008 ms e2e 1049.654±4.214 ms 2.0 Mpx/s
[bench] 1920x1080x3 strong-h v1: kernel 569.459±0.016 ms e2e 576.801±5.784 ms 3.6 Mpx/s
[bench] 1920x1080x3 strong-h v2: kernel 468.007±0.028 ms e2e 471.209±0.084 ms 4.4 Mpx/s
[bench] 1920x1080x3 large    v0: kernel 3218.469±0.812 ms e2e 3222.596±0.466 ms 0.6 Mpx/s
[bench] 1920x1080x3 large    v1: kernel 2416.803±0.105 ms e2e 2419.873±0.163 ms 0.9 Mpx/s
[bench] 1920x1080x3 large    v2: kernel 2436.756±14.317 ms e2e 2440.094±14.334 ms 0.9 Mpx/s
[bench] 3840x2160x1 small    v0: kernel 514.851±0.003 ms e2e 519.100±1.373 ms 16.1 Mpx/s
[bench] 3840x2160x1 small    v1: kernel 222.907±0.002 ms e2e 226.186±0.063 ms 37.2 Mpx/s
[bench] 3840x2160x1 small    v2: kernel 157.078±0.002 ms e2e 160.261±0.028 ms 52.8 Mpx/s
[bench] 3840x2160x1 base     v0: kernel 1908.621±0.004 ms e2e 1912.280±0.096 ms 4.3 Mpx/s
[bench] 3840x2160x1 base     v1: kernel 812.816±0.003 ms e2e 816.151±0.053 ms 10.2 Mpx/s
[bench] 3840x2160x1 base     v2: kernel 580.606±0.005 ms e2e 583.813±0.014 ms 14.3 Mpx/s
[bench] 3840x2160x1 strong-h v0: kernel 1908.628±0.005 ms e2e 1912.239±0.179 ms 4.3 Mpx/s
[bench] 3840x2160x1 strong-h v1: kernel 812.821±0.002 ms e2e 816.189±0.024 ms 10.2 Mpx/s
[bench] 3840x2160x1 strong-h v2: kernel 580.608±0.002 ms e2e 584.958±0.961 ms 14.3 Mpx/s
[bench] 3840x2160x1 large    v0: kernel 5910.332±0.004 ms e2e 5932.038±2.434 ms 1.4 Mpx/s
[bench] 3840x2160x1 large    v1: kernel 2498.901±0.007 ms e2e 2517.193±5.092 ms 3.3 Mpx/s
[bench] 3840x2160x1 large    v2: kernel 2498.902±0.005 ms e2e 2517.674±5.484 ms 3.3 Mpx/s
[bench] 3840x2160x3 small    v0: kernel 1091.944±0.019 ms e2e 1139.072±16.656 ms 7.6 Mpx/s
[bench] 3840x2160x3 small    v1: kernel 516.066±0.002 ms e2e 543.062±18.487 ms 16.1 Mpx/s
[bench] 3840x2160x3 small    v2: kernel 422.356±0.005 ms e2e 448.068±9.663 ms 19.6 Mpx/s
[bench] 3840x2160x3 base     v0: kernel 4102.078±0.072 ms e2e 4152.101±1.183 ms 2.0 Mpx/s
[bench] 3840x2160x3 base     v1: kernel 2237.445±0.033 ms e2e 2271.912±1.922 ms 3.7 Mpx/s
[bench] 3840x2160x3 base     v2: kernel 1842.180±0.146 ms e2e 1876.935±2.814 ms 4.5 Mpx/s
[bench] 3840x2160x3 strong-h v0: kernel 4101.949±0.062 ms e2e 4151.049±16.428 ms 2.0 Mpx/s
[bench] 3840x2160x3 strong-h v1: kernel 2237.446±0.024 ms e2e 2274.024±2.387 ms 3.7 Mpx/s
[bench] 3840x2160x3 strong-h v2: kernel 1842.396±0.140 ms e2e 1869.797±8.257 ms 4.5 Mpx/s
[bench] 3840x2160x3 large    v0: kernel 12813.652±0.120 ms e2e 12831.928±2.112 ms 0.6 Mpx/s
[bench] 3840x2160x3 large    v1: kernel 9593.832±0.057 ms e2e 9613.701±2.235 ms 0.9 Mpx/s
[bench] 3840x2160x3 large    v2: kernel 9593.987±0.081 ms e2e 9611.935±4.754 ms 0.9 Mpx/s
[bench] 完成，CSV 已写入 experiments/results/moore_s4000_musa5.1/benchmark_full_matrix_repeat3.csv
