[bench] param_sets=small,base,strong-h,large warmup=1 repeat=3 cpu_repeat=1 -> experiments/results/current/iluvatar_mrv100_corex4.4.0/benchmark_matrix.csv
[bench] 1920x1080x1 small    v0: kernel 110.075±0.203 ms e2e 113.023±1.281 ms 18.8 Mpx/s
[bench] 1920x1080x1 small    v1: kernel 48.316±0.064 ms e2e 50.079±0.081 ms 42.9 Mpx/s
[bench] 1920x1080x1 small    v2: kernel 48.153±0.178 ms e2e 49.923±0.016 ms 43.1 Mpx/s
[bench] 1920x1080x1 base     v0: kernel 412.248±0.293 ms e2e 414.235±0.520 ms 5.0 Mpx/s
[bench] 1920x1080x1 base     v1: kernel 178.839±0.007 ms e2e 180.647±0.039 ms 11.6 Mpx/s
[bench] 1920x1080x1 base     v2: kernel 178.384±0.036 ms e2e 180.499±0.038 ms 11.6 Mpx/s
[bench] 1920x1080x1 strong-h v0: kernel 411.885±0.985 ms e2e 414.238±0.915 ms 5.0 Mpx/s
[bench] 1920x1080x1 strong-h v1: kernel 178.830±0.004 ms e2e 180.610±0.138 ms 11.6 Mpx/s
[bench] 1920x1080x1 strong-h v2: kernel 178.352±0.003 ms e2e 180.531±0.038 ms 11.6 Mpx/s
[bench] 1920x1080x1 large    v0: kernel 1261.723±2.235 ms e2e 1263.971±2.404 ms 1.6 Mpx/s
[bench] 1920x1080x1 large    v1: kernel 614.759±0.357 ms e2e 616.952±0.562 ms 3.4 Mpx/s
[bench] 1920x1080x1 large    v2: kernel 614.331±0.501 ms e2e 616.510±0.485 ms 3.4 Mpx/s
[bench] 1920x1080x3 small    v0: kernel 407.255±0.329 ms e2e 413.693±3.049 ms 5.1 Mpx/s
[bench] 1920x1080x3 small    v1: kernel 151.201±0.368 ms e2e 155.521±0.519 ms 13.7 Mpx/s
[bench] 1920x1080x3 small    v2: kernel 144.949±0.019 ms e2e 149.895±0.097 ms 14.3 Mpx/s
[bench] 1920x1080x3 base     v0: kernel 1559.593±0.831 ms e2e 1564.879±1.021 ms 1.3 Mpx/s
[bench] 1920x1080x3 base     v1: kernel 787.504±4.581 ms e2e 792.166±4.962 ms 2.6 Mpx/s
[bench] 1920x1080x3 base     v2: kernel 727.279±11.369 ms e2e 732.491±11.709 ms 2.9 Mpx/s
[bench] 1920x1080x3 strong-h v0: kernel 1561.503±1.289 ms e2e 1569.216±3.779 ms 1.3 Mpx/s
[bench] 1920x1080x3 strong-h v1: kernel 780.457±5.092 ms e2e 785.600±4.911 ms 2.7 Mpx/s
[bench] 1920x1080x3 strong-h v2: kernel 724.909±3.413 ms e2e 730.019±3.541 ms 2.9 Mpx/s
[bench] 1920x1080x3 large    v0: kernel 4888.373±6.595 ms e2e 4893.556±6.615 ms 0.4 Mpx/s
[bench] 1920x1080x3 large    v1: kernel 3756.252±0.432 ms e2e 3761.770±0.428 ms 0.6 Mpx/s
[bench] 1920x1080x3 large    v2: kernel 3756.515±1.162 ms e2e 3762.661±1.089 ms 0.6 Mpx/s
[bench] 3840x2160x1 small    v0: kernel 442.792±1.032 ms e2e 452.033±4.430 ms 18.7 Mpx/s
[bench] 3840x2160x1 small    v1: kernel 190.897±0.018 ms e2e 196.866±0.106 ms 43.4 Mpx/s
[bench] 3840x2160x1 small    v2: kernel 190.785±0.051 ms e2e 196.748±0.080 ms 43.5 Mpx/s
[bench] 3840x2160x1 base     v0: kernel 1681.083±5.606 ms e2e 1687.454±5.642 ms 4.9 Mpx/s
[bench] 3840x2160x1 base     v1: kernel 710.424±0.013 ms e2e 716.396±0.384 ms 11.7 Mpx/s
[bench] 3840x2160x1 base     v2: kernel 709.839±0.048 ms e2e 715.694±0.140 ms 11.7 Mpx/s
[bench] 3840x2160x1 strong-h v0: kernel 1683.890±15.248 ms e2e 1690.324±15.323 ms 4.9 Mpx/s
[bench] 3840x2160x1 strong-h v1: kernel 710.400±0.017 ms e2e 717.005±0.354 ms 11.7 Mpx/s
[bench] 3840x2160x1 strong-h v2: kernel 709.984±0.075 ms e2e 715.909±0.217 ms 11.7 Mpx/s
[bench] 3840x2160x1 large    v0: kernel 5219.344±0.425 ms e2e 5226.741±0.156 ms 1.6 Mpx/s
[bench] 3840x2160x1 large    v1: kernel 2437.269±1.737 ms e2e 2443.931±1.335 ms 3.4 Mpx/s
[bench] 3840x2160x1 large    v2: kernel 2431.301±2.715 ms e2e 2438.109±2.704 ms 3.4 Mpx/s
[bench] 3840x2160x3 small    v0: kernel 1593.497±2.064 ms e2e 1621.090±6.659 ms 5.2 Mpx/s
[bench] 3840x2160x3 small    v1: kernel 600.434±0.657 ms e2e 618.828±0.619 ms 13.8 Mpx/s
[bench] 3840x2160x3 small    v2: kernel 574.664±0.032 ms e2e 593.177±0.472 ms 14.4 Mpx/s
[bench] 3840x2160x3 base     v0: kernel 6158.862±1.838 ms e2e 6178.013±2.119 ms 1.3 Mpx/s
[bench] 3840x2160x3 base     v1: kernel 3103.822±32.500 ms e2e 3122.170±31.455 ms 2.7 Mpx/s
[bench] 3840x2160x3 base     v2: kernel 2806.921±66.356 ms e2e 2825.246±65.298 ms 3.0 Mpx/s
[bench] 3840x2160x3 strong-h v0: kernel 6161.011±8.176 ms e2e 6180.085±7.588 ms 1.3 Mpx/s
[bench] 3840x2160x3 strong-h v1: kernel 3071.419±16.064 ms e2e 3089.492±16.312 ms 2.7 Mpx/s
[bench] 3840x2160x3 strong-h v2: kernel 2861.547±46.179 ms e2e 2880.702±44.222 ms 2.9 Mpx/s
[bench] 3840x2160x3 large    v0: kernel 19406.244±33.135 ms e2e 19426.279±33.694 ms 0.4 Mpx/s
[bench] 3840x2160x3 large    v1: kernel 14899.965±5.364 ms e2e 14920.316±5.284 ms 0.6 Mpx/s
[bench] 3840x2160x3 large    v2: kernel 14896.569±7.416 ms e2e 14921.928±7.630 ms 0.6 Mpx/s
[bench] 完成，CSV 已写入 experiments/results/current/iluvatar_mrv100_corex4.4.0/benchmark_matrix.csv
