collected_at_utc=2026-09-15T16:25:21Z
hostname=5f5ee6a151dd
os=Linux 5f5ee6a151dd 5.4.0-148-generic #165-Ubuntu SMP Tue Apr 18 08:53:12 UTC 2023 x86_64 x86_64 x86_64 GNU/Linux
NAME="Ubuntu"
VERSION_ID="24.04"
VERSION="24.04.4 LTS (Noble Numbat)"

[gpu]
Timestamp    Wed Sep 16 00:25:21 2026
+--------------------------------------------------------------------------------+
|  IX-ML: 4.4.0            Driver Version: 4.4.0          CUDA Version: 10.2     |
|----------------------------------+----------------------+----------------------|
| GPU  Name                        | Bus-Id               | Clock-SM  Clock-Mem  |
| Fan  Temp  Perf    Pwr:Usage/Cap |      Memory-Usage    | GPU-Util  Compute M. |
|==================================+======================+======================|
| 0    Iluvatar MR-V100            | 00000000:15:00.0     | 1500MHz   1600MHz    |
| N/A  35C   P0       38W / 150W   | 68MiB / 32768MiB     | 0%        Default    |
+----------------------------------+----------------------+----------------------+

+--------------------------------------------------------------------------------+
| Processes:                                                          GPU Memory |
|  GPU        PID      Process name                                   Usage(MiB) |
|================================================================================|
|  No running processes found                                                    |
+--------------------------------------------------------------------------------+

[cpu]
nproc=112
Architecture:                    x86_64
CPU(s):                          112
Model name:                      Intel(R) Xeon(R) Platinum 8358P CPU @ 2.60GHz
Thread(s) per core:              2
Core(s) per socket:              28
Socket(s):                       2

[accelerator-toolkit]
corex-clang++=/usr/local/corex/bin/clang++
clang version 18.1.8 (4.4.0 862f87fe94c5eaa2928bda965ed6abb85a25eb7c)
Target: x86_64-unknown-linux-gnu
Thread model: posix
InstalledDir: /usr/local/corex/bin
corex-nvcc=/usr/local/corex/bin/nvcc
nvcc: NVIDIA (R) Cuda compiler driver
Copyright (c) 2005-2019 NVIDIA Corporation
Built on Wed_Oct_23_19:24:38_PDT_2019
Cuda compilation tools, release 10.2, V10.2.89
COREX_HOME=/usr/local/corex
COREX_HOME_REALPATH=/usr/local/corex-4.4.0

[compiler]
g++ (Ubuntu 13.3.0-6ubuntu2~24.04.1) 13.3.0
GNU Make 4.3

[profilers]
nsys=not-found
ncu=not-found
muprof=not-found
mxprof=not-found
ixprof=not-found
mcTracer=not-found

[build-contract]
PLATFORM=iluvatar
COREX_HOME=/usr/local/corex
COREX_CXX=/usr/local/corex/bin/clang++
FAST_EXP=0
WITH_OPENCV=0
git_commit=unavailable
git_worktree=unavailable (uploaded source snapshot)
Environment manifest: experiments/results/current/iluvatar_mrv100_corex4.4.0/environment.txt
