ixprof=not-found
nsys=not-found
ncu=not-found
/usr/local/corex/corex-toolbox-1.0.0/bin/all_gather_perf
/usr/local/corex/corex-toolbox-1.0.0/bin/all_reduce_perf
/usr/local/corex/corex-toolbox-1.0.0/bin/alltoall_perf
/usr/local/corex/corex-toolbox-1.0.0/bin/bandwidthTest
/usr/local/corex/corex-toolbox-1.0.0/bin/broadcast_perf
/usr/local/corex/corex-toolbox-1.0.0/bin/decTestApp
/usr/local/corex/corex-toolbox-1.0.0/bin/encTestApp
/usr/local/corex/corex-toolbox-1.0.0/bin/gather_perf
/usr/local/corex/corex-toolbox-1.0.0/bin/gdscp
/usr/local/corex/corex-toolbox-1.0.0/bin/gdsio
/usr/local/corex/corex-toolbox-1.0.0/bin/gemm_perf
/usr/local/corex/corex-toolbox-1.0.0/bin/hypercube_perf
/usr/local/corex/corex-toolbox-1.0.0/bin/ix-gpu-tuner
/usr/local/corex/corex-toolbox-1.0.0/bin/libcufile-cufile.gdsio
/usr/local/corex/corex-toolbox-1.0.0/bin/p2pBandwidthTest
/usr/local/corex/corex-toolbox-1.0.0/bin/parallelHostDeviceLatency
/usr/local/corex/corex-toolbox-1.0.0/bin/reduce_perf
/usr/local/corex/corex-toolbox-1.0.0/bin/reduce_scatter_perf
/usr/local/corex/corex-toolbox-1.0.0/bin/run_gds_test.sh
/usr/local/corex/corex-toolbox-1.0.0/bin/scatter_perf
/usr/local/corex/corex-toolbox-1.0.0/bin/sendrecv_perf
/usr/local/corex/corex-toolbox-1.0.0/bin/simpleP2P
