./benchmark_base.csv: OK
./benchmark_matrix.csv: OK
./binary_runtime.txt: OK
./cpu_baseline_repeat3.csv: OK
./denoised_1920x1080_base_v2.png: OK
./environment.txt: OK
./logs/benchmark_base.log: OK
./logs/benchmark_matrix.log: OK
./logs/build.log: OK
./logs/build_original.log: OK
./logs/environment.log: OK
./logs/make_test.log: OK
./logs/make_test_patched.log: OK
./logs/make_test_verbose.log: OK
./logs/make_test_verbose_patched.log: OK
./logs/profiler_availability.log: OK
./logs/quality_sweep.log: OK
./logs/run_1080_v0.log: OK
./logs/run_1080_v1.log: OK
./logs/run_1080_v2.log: OK
./logs/validate_1920x1080_rgb.log: OK
./matrix_integrity.txt: OK
./output_equivalence.txt: OK
./output_equivalence/v0.png: OK
./output_equivalence/v1.png: OK
./output_equivalence/v2.png: OK
./quality_images/clean_1920x1080_3ch.png: OK
./quality_images/denoised_base_1920x1080_3ch_sigma10.png: OK
./quality_images/denoised_base_1920x1080_3ch_sigma25.png: OK
./quality_images/denoised_base_1920x1080_3ch_sigma50.png: OK
./quality_images/denoised_large_1920x1080_3ch_sigma25.png: OK
./quality_images/denoised_small_1920x1080_3ch_sigma25.png: OK
./quality_images/noisy_1920x1080_3ch_sigma10.png: OK
./quality_images/noisy_1920x1080_3ch_sigma25.png: OK
./quality_images/noisy_1920x1080_3ch_sigma50.png: OK
./quality_sigma.csv: OK
./quality_tradeoff.csv: OK
./source_snapshot.txt: OK
./upload.sha256: OK
