make: Nothing to be done for 'build'.
[gen] 已生成 1920x1080x3 sigma=0.0 -> experiments/work/clean_1920x1080_3ch.png
[gen] 已生成 1920x1080x3 sigma=25.0 -> experiments/work/noisy_1920x1080_3ch_sigma25.png
[metrics] noisy-sigma25  1920x1080x3  MAE=12.485684  PSNR=24.947823 dB
[run] 1920x1080x3  kernel v2  pr=2 sr=7 h=10.0 sigma=25.0
[run] kernel=97.849 ms  e2e=293.279 ms (H2D 2.201 / D2H 5.513)  21.19 Mpx/s
[metrics] small  1920x1080x3  MAE=0.803424  PSNR=47.358490 dB
[run] 1920x1080x3  kernel v2  pr=3 sr=10 h=10.0 sigma=25.0
[run] kernel=348.335 ms  e2e=530.687 ms (H2D 2.244 / D2H 4.476)  5.95 Mpx/s
[metrics] base  1920x1080x3  MAE=0.597227  PSNR=49.414889 dB
[run] 1920x1080x3  kernel v2  pr=4 sr=14 h=10.0 sigma=25.0
[run] kernel=1331.191 ms  e2e=1486.537 ms (H2D 2.242 / D2H 3.309)  1.56 Mpx/s
[metrics] large  1920x1080x3  MAE=0.463451  PSNR=50.948416 dB
[gen] 已生成 1920x1080x3 sigma=10.0 -> experiments/work/noisy_1920x1080_3ch_sigma10.png
[metrics] noisy-sigma10  1920x1080x3  MAE=4.997221  PSNR=32.883942 dB
[run] 1920x1080x3  kernel v2  pr=3 sr=10 h=10.0 sigma=10.0
[run] kernel=339.371 ms  e2e=504.582 ms (H2D 2.373 / D2H 3.969)  6.11 Mpx/s
[metrics] denoised-sigma10  1920x1080x3  MAE=0.304271  PSNR=53.265898 dB
[gen] 已生成 1920x1080x3 sigma=25.0 -> experiments/work/noisy_1920x1080_3ch_sigma25.png
[metrics] noisy-sigma25  1920x1080x3  MAE=12.485684  PSNR=24.947823 dB
[run] 1920x1080x3  kernel v2  pr=3 sr=10 h=10.0 sigma=25.0
[run] kernel=339.273 ms  e2e=494.477 ms (H2D 2.099 / D2H 3.202)  6.11 Mpx/s
[metrics] denoised-sigma25  1920x1080x3  MAE=0.597227  PSNR=49.414889 dB
[gen] 已生成 1920x1080x3 sigma=50.0 -> experiments/work/noisy_1920x1080_3ch_sigma50.png
[metrics] noisy-sigma50  1920x1080x3  MAE=24.883010  PSNR=18.960290 dB
[run] 1920x1080x3  kernel v2  pr=3 sr=10 h=10.0 sigma=50.0
[run] kernel=345.453 ms  e2e=509.552 ms (H2D 2.661 / D2H 3.195)  6.00 Mpx/s
[metrics] denoised-sigma50  1920x1080x3  MAE=1.190769  PSNR=43.964257 dB
Quality results: experiments/results/rtx3060_laptop/quality_tradeoff.csv, experiments/results/rtx3060_laptop/quality_sigma.csv
Generated images: experiments/work/
