[bench] param_sets=small,strong-h,large warmup=1 repeat=3 cpu_repeat=1 -> experiments/results/current/metax_c500/benchmark_matrix.csv
[bench] 1920x1080x1 small    v0: kernel 124.491±0.004 ms e2e 125.601±0.367 ms 16.7 Mpx/s
[bench] 1920x1080x1 small    v1: kernel 45.472±0.002 ms e2e 46.286±0.005 ms 45.6 Mpx/s
[bench] 1920x1080x1 small    v2: kernel 64.742±0.029 ms e2e 65.553±0.031 ms 32.0 Mpx/s
[bench] 1920x1080x1 strong-h v0: kernel 428.706±0.011 ms e2e 430.039±0.283 ms 4.8 Mpx/s
[bench] 1920x1080x1 strong-h v1: kernel 159.982±0.001 ms e2e 160.806±0.034 ms 13.0 Mpx/s
[bench] 1920x1080x1 strong-h v2: kernel 1366.574±1.323 ms e2e 1368.272±1.383 ms 1.5 Mpx/s
[bench] 1920x1080x1 large    v0: kernel 1270.218±0.142 ms e2e 1271.495±0.361 ms 1.6 Mpx/s
[bench] 1920x1080x1 large    v1: kernel 482.297±0.006 ms e2e 483.635±0.307 ms 4.3 Mpx/s
[bench] 1920x1080x1 large    v2: kernel 482.289±0.005 ms e2e 483.187±0.001 ms 4.3 Mpx/s
[bench] 1920x1080x3 small    v0: kernel 208.371±0.424 ms e2e 211.430±1.107 ms 10.0 Mpx/s
[bench] 1920x1080x3 small    v1: kernel 71.794±0.001 ms e2e 74.213±0.024 ms 28.9 Mpx/s
[bench] 1920x1080x3 small    v2: kernel 105.359±0.061 ms e2e 107.777±0.055 ms 19.7 Mpx/s
[bench] 1920x1080x3 strong-h v0: kernel 795.318±0.842 ms e2e 798.025±0.878 ms 2.6 Mpx/s
[bench] 1920x1080x3 strong-h v1: kernel 418.403±0.012 ms e2e 420.740±0.076 ms 5.0 Mpx/s
[bench] 1920x1080x3 strong-h v2: kernel 1487.944±0.078 ms e2e 1491.377±0.796 ms 1.4 Mpx/s
[bench] 1920x1080x3 large    v0: kernel 2505.419±2.701 ms e2e 2509.017±2.233 ms 0.8 Mpx/s
[bench] 1920x1080x3 large    v1: kernel 2356.979±0.295 ms e2e 2359.896±0.262 ms 0.9 Mpx/s
[bench] 1920x1080x3 large    v2: kernel 2356.568±0.835 ms e2e 2359.575±0.990 ms 0.9 Mpx/s
[bench] 3840x2160x1 small    v0: kernel 487.529±0.013 ms e2e 491.373±1.349 ms 17.0 Mpx/s
[bench] 3840x2160x1 small    v1: kernel 177.408±0.002 ms e2e 180.041±0.110 ms 46.8 Mpx/s
[bench] 3840x2160x1 small    v2: kernel 254.696±0.146 ms e2e 257.310±0.153 ms 32.6 Mpx/s
[bench] 3840x2160x1 strong-h v0: kernel 1678.633±0.046 ms e2e 1682.997±1.035 ms 4.9 Mpx/s
[bench] 3840x2160x1 strong-h v1: kernel 624.225±0.006 ms e2e 627.467±0.025 ms 13.3 Mpx/s
[bench] 3840x2160x1 strong-h v2: kernel 5422.731±0.585 ms e2e 5427.407±1.294 ms 1.5 Mpx/s
[bench] 3840x2160x1 large    v0: kernel 4973.012±0.086 ms e2e 4976.504±0.122 ms 1.7 Mpx/s
[bench] 3840x2160x1 large    v1: kernel 1881.728±0.003 ms e2e 1885.173±0.191 ms 4.4 Mpx/s
[bench] 3840x2160x1 large    v2: kernel 1881.729±0.005 ms e2e 1885.123±0.053 ms 4.4 Mpx/s
[bench] 3840x2160x3 small    v0: kernel 811.839±0.053 ms e2e 822.923±3.747 ms 10.2 Mpx/s
[bench] 3840x2160x3 small    v1: kernel 280.384±0.024 ms e2e 288.247±0.024 ms 29.6 Mpx/s
[bench] 3840x2160x3 small    v2: kernel 414.482±0.105 ms e2e 422.416±0.139 ms 20.0 Mpx/s
[bench] 3840x2160x3 strong-h v0: kernel 3112.634±0.785 ms e2e 3121.311±0.764 ms 2.7 Mpx/s
[bench] 3840x2160x3 strong-h v1: kernel 1645.637±0.030 ms e2e 1656.507±2.924 ms 5.0 Mpx/s
[bench] 3840x2160x3 strong-h v2: kernel 5898.279±0.650 ms e2e 5907.089±0.623 ms 1.4 Mpx/s
[bench] 3840x2160x3 large    v0: kernel 9806.705±2.484 ms e2e 9819.252±0.945 ms 0.8 Mpx/s
[bench] 3840x2160x3 large    v1: kernel 9310.157±0.503 ms e2e 9319.998±0.509 ms 0.9 Mpx/s
[bench] 3840x2160x3 large    v2: kernel 9310.460±0.461 ms e2e 9320.697±0.805 ms 0.9 Mpx/s
[bench] 完成，CSV 已写入 experiments/results/current/metax_c500/benchmark_matrix.csv
