=== Compiling kernels (kernels/metax/kernels.maca) ===
mxcc -std=c++17 -O3 -I/opt/maca/tools/cu-bridge/include  -DPLATFORM_METAX -Iinclude -Ithird_party/stb -c kernels/metax/kernels.maca -o build/obj/metax/kernels/kernels.o
=== Linking executable (build/metax/nlm_denoise, metax) ===
mxcc -std=c++17 -O3 -I/opt/maca/tools/cu-bridge/include -DPLATFORM_METAX -o build/metax/nlm_denoise build/obj/metax/src/main.o build/obj/metax/src/params.o build/obj/metax/src/image_io.o build/obj/metax/src/pipeline.o build/obj/metax/src/nlm_cpu_ref.o build/obj/metax/tester/validate.o build/obj/metax/tester/benchmark.o build/obj/metax/tester/metrics.o build/obj/metax/tester/test_units.o build/obj/metax/kernels/kernels.o 
/usr/bin/ld: build/obj/metax/kernels/kernels.o: in function `init_wcuda_version()':
kernels.maca:(.text+0x2): undefined reference to `__wcuda_version_internal__'
/usr/bin/ld: build/obj/metax/kernels/kernels.o: in function `GpuAlloc(void**, unsigned long, std::__cxx11::basic_string<char, std::char_traits<char>, std::allocator<char> >*)':
kernels.maca:(.text+0x2f3): undefined reference to `wcudaMalloc'
/usr/bin/ld: kernels.maca:(.text+0x337): undefined reference to `wcudaGetErrorString'
/usr/bin/ld: build/obj/metax/kernels/kernels.o: in function `GpuFree(void*, std::__cxx11::basic_string<char, std::char_traits<char>, std::allocator<char> >*)':
kernels.maca:(.text+0x59a): undefined reference to `wcudaFree'
/usr/bin/ld: kernels.maca:(.text+0x5de): undefined reference to `wcudaGetErrorString'
/usr/bin/ld: build/obj/metax/kernels/kernels.o: in function `GpuCopyH2D(void*, void const*, unsigned long, std::__cxx11::basic_string<char, std::char_traits<char>, std::allocator<char> >*)':
kernels.maca:(.text+0x816): undefined reference to `wcudaMemcpy'
/usr/bin/ld: kernels.maca:(.text+0x855): undefined reference to `wcudaGetErrorString'
/usr/bin/ld: build/obj/metax/kernels/kernels.o: in function `GpuCopyD2H(void*, void const*, unsigned long, std::__cxx11::basic_string<char, std::char_traits<char>, std::allocator<char> >*)':
kernels.maca:(.text+0xa96): undefined reference to `wcudaMemcpy'
/usr/bin/ld: kernels.maca:(.text+0xad5): undefined reference to `wcudaGetErrorString'
/usr/bin/ld: build/obj/metax/kernels/kernels.o: in function `GpuCvtU8ToF32Planar(unsigned char const*, float*, int, int, int, std::__cxx11::basic_string<char, std::char_traits<char>, std::allocator<char> >*)':
kernels.maca:(.text+0xd6f): undefined reference to `wcudaGetLastError'
/usr/bin/ld: kernels.maca:(.text+0xdae): undefined reference to `wcudaGetErrorString'
/usr/bin/ld: kernels.maca:(.text+0xeb8): undefined reference to `wcudaGetLastError'
/usr/bin/ld: build/obj/metax/kernels/kernels.o: in function `GpuCvtF32ToU8Interleaved(float const*, unsigned char*, int, int, int, std::__cxx11::basic_string<char, std::char_traits<char>, std::allocator<char> >*)':
kernels.maca:(.text+0x10ff): undefined reference to `wcudaGetLastError'
/usr/bin/ld: kernels.maca:(.text+0x113e): undefined reference to `wcudaGetErrorString'
/usr/bin/ld: kernels.maca:(.text+0x1248): undefined reference to `wcudaGetLastError'
/usr/bin/ld: build/obj/metax/kernels/kernels.o: in function `GpuNlm(float const*, float*, int, int, int, NlmParamsDev const&, int, float*, std::__cxx11::basic_string<char, std::char_traits<char>, std::allocator<char> >*)':
kernels.maca:(.text+0x14d4): undefined reference to `wcudaGetDevice'
/usr/bin/ld: kernels.maca:(.text+0x151b): undefined reference to `wcudaGetErrorString'
/usr/bin/ld: kernels.maca:(.text+0x15be): undefined reference to `wcudaEventCreate'
/usr/bin/ld: kernels.maca:(.text+0x1605): undefined reference to `wcudaGetErrorString'
/usr/bin/ld: kernels.maca:(.text+0x1702): undefined reference to `wcudaDeviceGetAttribute'
/usr/bin/ld: kernels.maca:(.text+0x1749): undefined reference to `wcudaGetErrorString'
/usr/bin/ld: kernels.maca:(.text+0x1ae1): undefined reference to `wcudaFuncSetAttribute'
/usr/bin/ld: kernels.maca:(.text+0x1b2d): undefined reference to `wcudaGetErrorString'
/usr/bin/ld: kernels.maca:(.text+0x1ba5): undefined reference to `wcudaEventCreate'
/usr/bin/ld: kernels.maca:(.text+0x1bb7): undefined reference to `wcudaEventCreate'
/usr/bin/ld: kernels.maca:(.text+0x1bfe): undefined reference to `wcudaGetErrorString'
/usr/bin/ld: kernels.maca:(.text+0x1c73): undefined reference to `wcudaEventRecord'
/usr/bin/ld: kernels.maca:(.text+0x1cba): undefined reference to `wcudaGetErrorString'
/usr/bin/ld: kernels.maca:(.text+0x1e1d): undefined reference to `wcudaGetLastError'
/usr/bin/ld: kernels.maca:(.text+0x1e64): undefined reference to `wcudaGetErrorString'
/usr/bin/ld: kernels.maca:(.text+0x1f1d): undefined reference to `wcudaEventRecord'
/usr/bin/ld: kernels.maca:(.text+0x1f5c): undefined reference to `wcudaGetErrorString'
/usr/bin/ld: kernels.maca:(.text+0x2013): undefined reference to `wcudaEventSynchronize'
/usr/bin/ld: kernels.maca:(.text+0x2052): undefined reference to `wcudaGetErrorString'
/usr/bin/ld: kernels.maca:(.text+0x216b): undefined reference to `wcudaEventElapsedTime'
/usr/bin/ld: kernels.maca:(.text+0x21ad): undefined reference to `wcudaGetErrorString'
/usr/bin/ld: kernels.maca:(.text+0x2393): undefined reference to `wcudaEventDestroy'
/usr/bin/ld: kernels.maca:(.text+0x239d): undefined reference to `wcudaEventDestroy'
mxcc: error: linker command failed with exit code 1 (use -v to see invocation)
make: *** [Makefile:173: build/metax/nlm_denoise] Error 1
