=== Selected build/metax/nlm_denoise -> build/nlm_denoise ===
[gen] 已生成 1920x1080x3 sigma=0.0 -> experiments/results/current/metax_c500/quality_images/clean_1920x1080_3ch.png
[gen] 已生成 1920x1080x3 sigma=25.0 -> experiments/results/current/metax_c500/quality_images/noisy_1920x1080_3ch_sigma25.png
[metrics] noisy-sigma25  1920x1080x3  MAE=12.485684  PSNR=24.947823 dB
[run] 1920x1080x3  kernel v2  pr=2 sr=7 h=10.0 sigma=25.0
[run] kernel=109.789 ms  e2e=137.421 ms (H2D 9.909 / D2H 4.152)  18.89 Mpx/s
[metrics] small  1920x1080x3  MAE=0.803424  PSNR=47.358490 dB
[run] 1920x1080x3  kernel v2  pr=3 sr=10 h=10.0 sigma=25.0
[run] kernel=1486.616 ms  e2e=1512.518 ms (H2D 9.341 / D2H 3.644)  1.39 Mpx/s
[metrics] base  1920x1080x3  MAE=0.597227  PSNR=49.414889 dB
[run] 1920x1080x3  kernel v2  pr=4 sr=14 h=10.0 sigma=25.0
[run] kernel=2356.547 ms  e2e=2381.931 ms (H2D 9.490 / D2H 3.720)  0.88 Mpx/s
[metrics] large  1920x1080x3  MAE=0.463451  PSNR=50.948416 dB
[gen] 已生成 1920x1080x3 sigma=10.0 -> experiments/results/current/metax_c500/quality_images/noisy_1920x1080_3ch_sigma10.png
[metrics] noisy-sigma10  1920x1080x3  MAE=4.997221  PSNR=32.883942 dB
[run] 1920x1080x3  kernel v2  pr=3 sr=10 h=10.0 sigma=10.0
[run] kernel=1488.109 ms  e2e=1513.468 ms (H2D 9.165 / D2H 3.243)  1.39 Mpx/s
[metrics] denoised-sigma10  1920x1080x3  MAE=0.304271  PSNR=53.265898 dB
[gen] 已生成 1920x1080x3 sigma=25.0 -> experiments/results/current/metax_c500/quality_images/noisy_1920x1080_3ch_sigma25.png
[metrics] noisy-sigma25  1920x1080x3  MAE=12.485684  PSNR=24.947823 dB
[run] 1920x1080x3  kernel v2  pr=3 sr=10 h=10.0 sigma=25.0
[run] kernel=1488.368 ms  e2e=1515.735 ms (H2D 9.563 / D2H 3.436)  1.39 Mpx/s
[metrics] denoised-sigma25  1920x1080x3  MAE=0.597227  PSNR=49.414889 dB
[gen] 已生成 1920x1080x3 sigma=50.0 -> experiments/results/current/metax_c500/quality_images/noisy_1920x1080_3ch_sigma50.png
[metrics] noisy-sigma50  1920x1080x3  MAE=24.883010  PSNR=18.960290 dB
[run] 1920x1080x3  kernel v2  pr=3 sr=10 h=10.0 sigma=50.0
[run] kernel=1488.760 ms  e2e=1514.774 ms (H2D 9.487 / D2H 3.608)  1.39 Mpx/s
[metrics] denoised-sigma50  1920x1080x3  MAE=1.190769  PSNR=43.964257 dB
Quality results: experiments/results/current/metax_c500/quality_tradeoff.csv, experiments/results/current/metax_c500/quality_sigma.csv
Generated images: experiments/results/current/metax_c500/quality_images/
