make: Nothing to be done for 'build'.
[gen] 已生成 64x64x3 sigma=0.0 -> experiments/results/moore_s4000_musa5.1/smoke/quality_script/smoke/quality_script/images/clean_64x64_3ch.png
[gen] 已生成 64x64x3 sigma=25.0 -> experiments/results/moore_s4000_musa5.1/smoke/quality_script/smoke/quality_script/images/noisy_64x64_3ch_sigma25.png
[metrics] noisy-sigma25  64x64x3  MAE=12.484375  PSNR=24.944139 dB
[run] 64x64x3  kernel v2  pr=2 sr=7 h=10.0 sigma=25.0
[run] kernel=2.831 ms  e2e=152.380 ms (H2D 0.137 / D2H 0.325)  1.45 Mpx/s
[metrics] small  64x64x3  MAE=1.193278  PSNR=43.504898 dB
[run] 64x64x3  kernel v2  pr=3 sr=10 h=10.0 sigma=25.0
[run] kernel=10.253 ms  e2e=72.265 ms (H2D 0.144 / D2H 0.331)  0.40 Mpx/s
[metrics] base  64x64x3  MAE=1.319499  PSNR=42.415254 dB
[run] 64x64x3  kernel v2  pr=4 sr=14 h=10.0 sigma=25.0
[run] kernel=35.573 ms  e2e=98.341 ms (H2D 0.121 / D2H 0.320)  0.12 Mpx/s
[metrics] large  64x64x3  MAE=1.353760  PSNR=42.147562 dB
[gen] 已生成 64x64x3 sigma=10.0 -> experiments/results/moore_s4000_musa5.1/smoke/quality_script/smoke/quality_script/images/noisy_64x64_3ch_sigma10.png
[metrics] noisy-sigma10  64x64x3  MAE=4.992839  PSNR=32.887176 dB
[run] 64x64x3  kernel v2  pr=3 sr=10 h=10.0 sigma=10.0
[run] kernel=10.231 ms  e2e=79.212 ms (H2D 0.121 / D2H 0.316)  0.40 Mpx/s
[metrics] denoised-sigma10  64x64x3  MAE=0.697347  PSNR=47.673335 dB
[gen] 已生成 64x64x3 sigma=25.0 -> experiments/results/moore_s4000_musa5.1/smoke/quality_script/smoke/quality_script/images/noisy_64x64_3ch_sigma25.png
[metrics] noisy-sigma25  64x64x3  MAE=12.484375  PSNR=24.944139 dB
[run] 64x64x3  kernel v2  pr=3 sr=10 h=10.0 sigma=25.0
[run] kernel=10.236 ms  e2e=74.764 ms (H2D 0.121 / D2H 0.315)  0.40 Mpx/s
[metrics] denoised-sigma25  64x64x3  MAE=1.319499  PSNR=42.415254 dB
[gen] 已生成 64x64x3 sigma=50.0 -> experiments/results/moore_s4000_musa5.1/smoke/quality_script/smoke/quality_script/images/noisy_64x64_3ch_sigma50.png
[metrics] noisy-sigma50  64x64x3  MAE=24.841471  PSNR=18.969507 dB
[run] 64x64x3  kernel v2  pr=3 sr=10 h=10.0 sigma=50.0
[run] kernel=10.235 ms  e2e=71.401 ms (H2D 0.125 / D2H 0.334)  0.40 Mpx/s
[metrics] denoised-sigma50  64x64x3  MAE=2.003662  PSNR=39.301689 dB
Quality results: experiments/results/moore_s4000_musa5.1/smoke/quality_script/quality_tradeoff.csv, experiments/results/moore_s4000_musa5.1/smoke/quality_script/quality_sigma.csv
Generated images: experiments/results/moore_s4000_musa5.1/smoke/quality_script/smoke/quality_script/images/
